// Jest Snapshot v1, https://goo.gl/fbAQLP

exports[`FetchServer Tests handles click on foobar with enzyme 1`] = `ShallowWrapper {}`;
